// Jest Snapshot v1, https://goo.gl/fbAQLP

exports[`Native DrawerButton should render the DrawerButton component correctly 1`] = `
<View
  style={
    Array [
      Object {
        "borderBottomColor": "#D8D8D8",
        "borderBottomWidth": 1,
        "borderLeftColor": "#D8D8D8",
        "borderLeftWidth": 1,
      },
      Object {
        "borderBottomColor": "#466891",
        "borderLeftColor": "#466891",
      },
    ]
  }
>
  <View
    accessibilityComponentType={undefined}
    accessibilityLabel={undefined}
    accessibilityTraits={undefined}
    accessible={true}
    hitSlop={undefined}
    onLayout={undefined}
    onResponderGrant={[Function]}
    onResponderMove={[Function]}
    onResponderRelease={[Function]}
    onResponderTerminate={[Function]}
    onResponderTerminationRequest={[Function]}
    onStartShouldSetResponder={[Function]}
    style={
      Object {
        "alignItems": "center",
        "backgroundColor": "#466891",
        "flexDirection": "row",
        "justifyContent": "space-between",
        "opacity": 1,
        "paddingLeft": 5,
        "paddingRight": 5,
      }
    }
    testID={undefined}
  >
    <View
      style={
        Object {
          "alignItems": "center",
          "flexDirection": "row",
        }
      }
    >
      <Image
        source={1}
        style={
          Object {
            "height": 30,
            "marginBottom": 10,
            "marginLeft": 10,
            "marginRight": 10,
            "marginTop": 10,
            "width": 30,
          }
        }
      />
      <Text
        accessible={true}
        allowFontScaling={true}
        ellipsizeMode="tail"
        style={
          Array [
            Object {
              "color": undefined,
              "fontFamily": "HelveticaNeue",
              "fontSize": 20,
              "marginVertical": 10,
            },
            Object {
              "color": "white",
            },
          ]
        }
      >
        Test
      </Text>
    </View>
    <Image
      source={1}
      style={
        Object {
          "height": 20,
          "marginBottom": 15,
          "marginLeft": 15,
          "marginRight": 15,
          "marginTop": 15,
          "width": 20,
        }
      }
    />
  </View>
</View>
`;
